22:57:34 **** Incremental Build of configuration Debug for project stm32cubeide ****
make -j16 all 
arm-none-eabi-size  stm32cubeide.elf 
   text	   data	    bss	    dec	    hex	filename
  30352	    108	  16000	  46460	   b57c	stm32cubeide.elf
Finished building: default.size.stdout
 
22:57:36 **** Incremental Build of configuration Debug for project stm32cubeide ****
make -j16 all 
arm-none-eabi-size  stm32cubeide.elf 
   text	   data	    bss	    dec	    hex	filename
  30352	    108	  16000	  46460	   b57c	stm32cubeide.elf
Finished building: default.size.stdout
 
